// Vitest Snapshot v1, https://vitest.dev/guide/snapshot.html

exports[`Home component > Home page renders 1`] = `
<div>
  <div
    class="_home_621afd"
  >
    <div
      class="_storeImageContainer_621afd"
    >
      <img
        alt="Interior of a vinyl store"
        src="/src/assets/store-interior.jpg"
      />
      <div
        class="_storeImageOverlay_621afd"
      >
        <p>
          New vinyls every week
        </p>
        <br />
        <p>
          Open everyday: 10am - 6pm
        </p>
      </div>
    </div>
    <p>
      Loading...
    </p>
  </div>
</div>
`;
