// Vitest Snapshot v1, https://vitest.dev/guide/snapshot.html

exports[`Home component > Home page renders 1`] = `
<div>
  <div
    class="_home_621afd"
  >
    <div
      class="_heroCarousel_869c5f"
    >
      <button
        class="_previous_869c5f"
      >
        Previous
      </button>
      <img
        alt="Interior of a vinyl store with people browsing in soft focus"
        class="_visible_869c5f"
        src="/src/assets/store-interior.jpg"
      />
      <img
        alt="Interior of a vinyl store with people browsing the collection"
        class="_hidden_869c5f"
        src="/src/assets/store-interior-2.jpg"
      />
      <img
        alt="MM..FOOD - MF DOOM vinyl"
        class="_hidden_869c5f"
        src="/src/assets/doom-vinyl.jpg"
      />
      <button
        class="_next_869c5f"
      >
        Next
      </button>
    </div>
    <p>
      Loading...
    </p>
  </div>
</div>
`;
