// Vitest Snapshot v1, https://vitest.dev/guide/snapshot.html

exports[`Shop component > Render shop page 1`] = `
<div>
  <div
    class="_container_ffe12d"
  >
    <p>
      I think you might be lost 🧐
    </p>
    <a
      class="_homeLink_ffe12d"
      data-discover="true"
      href="/"
    >
      <img
        alt="WAXDISC logo"
        src="/waxdisc-logo.png"
      />
      Return Home
    </a>
  </div>
</div>
`;
