// Vitest Snapshot v1, https://vitest.dev/guide/snapshot.html

exports[`Shop component > Render shop page 1`] = `
<div>
  <div>
    <header
      class="_header_812fc8"
    >
      <h1>
        WAXDISC
      </h1>
      <nav
        class="_navbar_812fc8"
      >
        <ul>
          <li>
            <a
              data-discover="true"
              href="/"
            >
              Home
            </a>
          </li>
          <li>
            <a
              data-discover="true"
              href="/shop"
            >
              Shop
            </a>
          </li>
          <li>
            <a
              data-discover="true"
              href="/cart"
            >
              Cart
            </a>
          </li>
        </ul>
      </nav>
    </header>
    <p>
      Loading...
    </p>
  </div>
</div>
`;
